// Jest Snapshot v1, https://goo.gl/fbAQLP

exports[`App App 1`] = `null`;

exports[`App App 2`] = `null`;
